{
    "resourceType": "Parameters",
    "parameter": [
        {
            "name": "haplotypes",
            "part": [
                {
                    "name": "geneItem",
                    "valueString": "HLA-B"
                },
                {
                    "name": "genotype",
                    "resource": {
                        "resourceType": "Observation",
                        "id": "dv-61ccfd4a072302a0eb2115be",
                        "meta": {
                            "profile": [
                                "http://hl7.org/fhir/uv/genomics-reporting/StructureDefinition/genotype"
                            ]
                        },
                        "status": "final",
                        "category": [
                            {
                                "coding": [
                                    {
                                        "system": "http://terminology.hl7.org/CodeSystem/observation-category",
                                        "code": "laboratory"
                                    }
                                ]
                            }
                        ],
                        "code": {
                            "coding": [
                                {
                                    "system": "http://loinc.org",
                                    "code": "84413-4",
                                    "display": "Genotype display name"
                                }
                            ]
                        },
                        "valueCodeableConcept": {
                            "coding": [
                                {
                                    "system": "http://glstring.org",
                                    "code": "hla#3.33.0#HLA-B*08:01/HLA-B*40:01",
                                    "display": "hla#3.33.0#HLA-B*08:01/HLA-B*40:01"
                                }
                            ]
                        },
                        "subject": {
                            "reference": "Patient/NB6TK328"
                        },
                        "component": [
                            {
                                "code": {
                                    "coding": [
                                        {
                                            "system": "http://loinc.org",
                                            "code": "48018-6",
                                            "display": "Gene studied"
                                        }
                                    ]
                                },
                                "valueCodeableConcept": {
                                    "coding": [
                                        {
                                            "system": "http://www.genenames.org/geneId",
                                            "code": "HGNC:4932",
                                            "display": "HLA-B"
                                        }
                                    ]
                                }
                            }
                        ]
                    }
                }
            ]
        }
    ]
}