{
    "resourceType": "Parameters",
    "parameter": [
        {
            "name": "implications",
            "part": [
                {
                    "name": "numerator",
                    "valueQuantity": {
                        "value": 5
                    }
                },
                {
                    "name": "denominator",
                    "valueQuantity": {
                        "value": 1116
                    }
                },
                {
                    "name": "subject",
                    "valueString": "HG00403"
                },
                {
                    "name": "subject",
                    "valueString": "HG00406"
                },
                {
                    "name": "subject",
                    "valueString": "HG02657"
                },
                {
                    "name": "subject",
                    "valueString": "NA18498"
                },
                {
                    "name": "subject",
                    "valueString": "NA18499"
                }
            ]
        }
    ]
}
