{
  "resourceType": "Parameters",
  "parameter": [
    [
      {
        "name": "consequence",
        "resource": {
          "resourceType": "Observation",
          "id": "dv-6508cd4dcbaa2ae2531238cb",
          "meta": {
            "profile": [
              "http://hl7.org/fhir/uv/genomics-reporting/StructureDefinition/molecular-consequence"
            ]
          },
          "status": "final",
          "category": [
            {
              "coding": [
                {
                  "system": "http://terminology.hl7.org/CodeSystem/observation-category",
                  "code": "laboratory"
                },
                {
                  "system": "http://terminology.hl7.org/CodeSystem/v2-0074",
                  "code": "GE"
                }
              ]
            }
          ],
          "code": {
            "coding": [
              {
                "system": "http://hl7.org/fhir/uv/genomics-reporting/CodeSystem/tbd-codes-cs",
                "code": "molecular-consequences"
              }
            ]
          },
          "subject": {
            "reference": "Patient/TCGA-DD-A1EH"
          },
          "derivedFrom": [
            {
              "reference": "Observation/dv-0a4f15c4b50b4d3799f223735029bf9c"
            }
          ],
          "component": [
            {
              "code": {
                "coding": [
                  {
                    "system": "http://loinc.org",
                    "code": "48004-6",
                    "display": "DNA change (c.HGVS)"
                  }
                ]
              },
              "valueCodeableConcept": {
                "text": "NM_178349.2:c.118G>T"
              }
            },
            {
              "code": {
                "coding": [
                  {
                    "system": "http://loinc.org",
                    "code": "51958-7",
                    "display": "Reference Transcript"
                  }
                ]
              },
              "valueCodeableConcept": {
                "text": "NM_178349.2"
              }
            },
            {
              "code": {
                "coding": [
                  {
                    "system": "http://loinc.org",
                    "code": "48005-3",
                    "display": "Protein (Amino Acid) Change - pHGVS"
                  }
                ]
              },
              "valueCodeableConcept": {
                "text": "p.Val40Phe"
              }
            },
            {
              "code": {
                "coding": [
                  {
                    "system": "http://hl7.org/fhir/uv/genomics-reporting/CodeSystem/tbd-codes-cs",
                    "code": "feature-consequence",
                    "display": "Feature Consequence"
                  }
                ]
              },
              "valueCodeableConcept": {
                "coding": [
                  {
                    "system": "http://www.sequenceontology.org/",
                    "code": "SO:0001583",
                    "display": "missense_variant"
                  }
                ]
              }
            },
            {
              "code": {
                "coding": [
                  {
                    "system": "http://hl7.org/fhir/uv/genomics-reporting/CodeSystem/tbd-codes-cs",
                    "code": "functional-effect",
                    "display": "Functional Effectt"
                  }
                ]
              },
              "valueCodeableConcept": {
                "text": "MODERATE"
              }
            }
          ]
        }
      }
    ],
    {
      "name": "variant",
      "resource": {
        "resourceType": "Observation",
        "id": "dv-0a4f15c4b50b4d3799f223735029bf9c",
        "meta": {
          "profile": [
            "http://hl7.org/fhir/uv/genomics-reporting/StructureDefinition/variant"
          ]
        },
        "status": "final",
        "category": [
          {
            "coding": [
              {
                "system": "http://terminology.hl7.org/CodeSystem/observation-category",
                "code": "laboratory"
              }
            ]
          }
        ],
        "code": {
          "coding": [
            {
              "system": "http://loinc.org",
              "code": "69548-6",
              "display": "Genetic variant assessment"
            }
          ]
        },
        "subject": {
          "reference": "Patient/TCGA-DD-A1EH"
        },
        "valueCodeableConcept": {
          "coding": [
            {
              "system": "http://loinc.org",
              "code": "LA9633-4",
              "display": "present"
            }
          ]
        },
        "component": [
          {
            "code": {
              "coding": [
                {
                  "system": "http://loinc.org",
                  "code": "48002-0",
                  "display": "Genomic Source Class"
                }
              ]
            },
            "valueCodeableConcept": {
              "coding": [
                {
                  "system": "http://loinc.org",
                  "code": "LA6684-0",
                  "display": "somatic"
                }
              ]
            }
          },
          {
            "code": {
              "coding": [
                {
                  "system": "http://loinc.org",
                  "code": "48013-7",
                  "display": "Genomic reference sequence ID"
                }
              ]
            },
            "valueCodeableConcept": {
              "coding": [
                {
                  "system": "http://www.ncbi.nlm.nih.gov/nuccore",
                  "code": "NC_000001.10"
                }
              ]
            }
          },
          {
            "code": {
              "coding": [
                {
                  "system": "http://loinc.org",
                  "code": "81252-9",
                  "display": "Discrete genetic variant"
                }
              ]
            },
            "valueCodeableConcept": {
              "coding": [
                {
                  "system": "https://api.ncbi.nlm.nih.gov/variation/v0/",
                  "code": "NC_000001.10:152785039:G:T",
                  "display": "NC_000001.10:152785039:G:T"
                }
              ]
            }
          },
          {
            "code": {
              "coding": [
                {
                  "system": "http://loinc.org",
                  "code": "69547-8",
                  "display": "Genomic Ref allele [ID]"
                }
              ]
            },
            "valueString": "G"
          },
          {
            "code": {
              "coding": [
                {
                  "system": "http://loinc.org",
                  "code": "69551-0",
                  "display": "Genomic Alt allele [ID]"
                }
              ]
            },
            "valueString": "T"
          },
          {
            "code": {
              "coding": [
                {
                  "system": "http://loinc.org",
                  "code": "92822-6",
                  "display": "Genomic coord system"
                }
              ]
            },
            "valueCodeableConcept": {
              "coding": [
                {
                  "system": "http://loinc.org",
                  "code": "LA30100-4",
                  "display": "0-based interval counting"
                }
              ]
            }
          },
          {
            "code": {
              "coding": [
                {
                  "system": "http://loinc.org",
                  "code": "81254-5",
                  "display": "Variant exact start-end"
                }
              ]
            },
            "valueRange": {
              "low": {
                "value": 152785039
              }
            }
          }
        ]
      }
    }
  ]
}