{
    "resourceType": "Parameters",
    "parameter": [
        {
            "name": "variants",
            "part": [
                {
                    "name": "rangeItem",
                    "valueString": "NC_000001.10:69501-69520"
                },
                {
                    "name": "presence",
                    "valueBoolean": true
                },
                {
                    "name": "variant",
                    "resource": {
                        "resourceType": "Observation",
                        "id": "dv-6387cb82fbdf92361e09ee89",
                        "meta": {
                            "profile": [
                                "http://hl7.org/fhir/uv/genomics-reporting/StructureDefinition/variant"
                            ]
                        },
                        "status": "final",
                        "category": [
                            {
                                "coding": [
                                    {
                                        "system": "http://terminology.hl7.org/CodeSystem/observation-category",
                                        "code": "laboratory"
                                    }
                                ]
                            }
                        ],
                        "code": {
                            "coding": [
                                {
                                    "system": "http://loinc.org",
                                    "code": "69548-6",
                                    "display": "Genetic variant assessment"
                                }
                            ]
                        },
                        "subject": {
                            "reference": "Patient/HG00403"
                        },
                        "valueCodeableConcept": {
                            "coding": [
                                {
                                    "system": "http://loinc.org",
                                    "code": "LA9633-4",
                                    "display": "present"
                                }
                            ]
                        },
                        "component": [
                            {
                                "code": {
                                    "coding": [
                                        {
                                            "system": "http://loinc.org",
                                            "code": "48002-0",
                                            "display": "Genomic Source Class"
                                        }
                                    ]
                                },
                                "valueCodeableConcept": {
                                    "coding": [
                                        {
                                            "system": "http://loinc.org",
                                            "code": "LA6683-2",
                                            "display": "germline"
                                        }
                                    ]
                                }
                            },
                            {
                                "code": {
                                    "coding": [
                                        {
                                            "system": "http://loinc.org",
                                            "code": "48013-7",
                                            "display": "Genomic reference sequence ID"
                                        }
                                    ]
                                },
                                "valueCodeableConcept": {
                                    "coding": [
                                        {
                                            "system": "http://www.ncbi.nlm.nih.gov/nuccore",
                                            "code": "NC_000001.10"
                                        }
                                    ]
                                }
                            },
                            {
                                "code": {
                                    "coding": [
                                        {
                                            "system": "http://loinc.org",
                                            "code": "53034-5",
                                            "display": "Allelic state"
                                        }
                                    ]
                                },
                                "valueCodeableConcept": {
                                    "coding": [
                                        {
                                            "system": "http://loinc.org",
                                            "code": "LA6705-3",
                                            "display": "homozygous"
                                        }
                                    ]
                                }
                            },
                            {
                                "code": {
                                    "coding": [
                                        {
                                            "system": "http://loinc.org",
                                            "code": "81252-9",
                                            "display": "Discrete genetic variant"
                                        }
                                    ]
                                },
                                "valueCodeableConcept": {
                                    "coding": [
                                        {
                                            "system": "https://api.ncbi.nlm.nih.gov/variation/v0/",
                                            "code": "NC_000001.10:69510:A:G",
                                            "display": "NC_000001.10:69510:A:G"
                                        }
                                    ]
                                }
                            },
                            {
                                "code": {
                                    "coding": [
                                        {
                                            "system": "http://loinc.org",
                                            "code": "69547-8",
                                            "display": "Genomic Ref allele [ID]"
                                        }
                                    ]
                                },
                                "valueString": "A"
                            },
                            {
                                "code": {
                                    "coding": [
                                        {
                                            "system": "http://loinc.org",
                                            "code": "69551-0",
                                            "display": "Genomic Alt allele [ID]"
                                        }
                                    ]
                                },
                                "valueString": "G"
                            },
                            {
                                "code": {
                                    "coding": [
                                        {
                                            "system": "http://loinc.org",
                                            "code": "92822-6",
                                            "display": "Genomic coord system"
                                        }
                                    ]
                                },
                                "valueCodeableConcept": {
                                    "coding": [
                                        {
                                            "system": "http://loinc.org",
                                            "code": "LA30100-4",
                                            "display": "0-based interval counting"
                                        }
                                    ]
                                }
                            },
                            {
                                "code": {
                                    "coding": [
                                        {
                                            "system": "http://loinc.org",
                                            "code": "81254-5",
                                            "display": "Variant exact start-end"
                                        }
                                    ]
                                },
                                "valueRange": {
                                    "low": {
                                        "value": 69510
                                    }
                                }
                            },
                            {
                                "code": {
                                    "coding": [
                                        {
                                            "system": "http://hl7.org/fhir/uv/genomics-reporting/CodeSystem/tbd-codes-cs",
                                            "code": "molecular-consequence"
                                        }
                                    ]
                                },
                                "valueCodeableConcept": {
                                    "coding": [
                                        {
                                            "system": "http://www.sequenceontology.org/",
                                            "code": "SO:0001583",
                                            "display": "missense_variant"
                                        }
                                    ]
                                },
                                "interpretation": {
                                    "text": "PREDICTED IMPACT MODERATE"
                                }
                            },
                            {
                                "code": {
                                    "coding": [
                                        {
                                            "system": "http://loinc.org",
                                            "code": "92821-8",
                                            "display": "Population allele frequency"
                                        }
                                    ]
                                },
                                "valueQuantity": {
                                    "value": 0.949691,
                                    "system": "http://unitsofmeasure.org",
                                    "code": "1"
                                }
                            }
                        ]
                    }
                }
            ]
        },
        {
            "name": "variants",
            "part": [
                {
                    "name": "rangeItem",
                    "valueString": "NC_000001.10:69501-69521"
                },
                {
                    "name": "presence",
                    "valueBoolean": true
                },
                {
                    "name": "variant",
                    "resource": {
                        "resourceType": "Observation",
                        "id": "dv-6387cb82fbdf92361e09ee89",
                        "meta": {
                            "profile": [
                                "http://hl7.org/fhir/uv/genomics-reporting/StructureDefinition/variant"
                            ]
                        },
                        "status": "final",
                        "category": [
                            {
                                "coding": [
                                    {
                                        "system": "http://terminology.hl7.org/CodeSystem/observation-category",
                                        "code": "laboratory"
                                    }
                                ]
                            }
                        ],
                        "code": {
                            "coding": [
                                {
                                    "system": "http://loinc.org",
                                    "code": "69548-6",
                                    "display": "Genetic variant assessment"
                                }
                            ]
                        },
                        "subject": {
                            "reference": "Patient/HG00403"
                        },
                        "valueCodeableConcept": {
                            "coding": [
                                {
                                    "system": "http://loinc.org",
                                    "code": "LA9633-4",
                                    "display": "present"
                                }
                            ]
                        },
                        "component": [
                            {
                                "code": {
                                    "coding": [
                                        {
                                            "system": "http://loinc.org",
                                            "code": "48002-0",
                                            "display": "Genomic Source Class"
                                        }
                                    ]
                                },
                                "valueCodeableConcept": {
                                    "coding": [
                                        {
                                            "system": "http://loinc.org",
                                            "code": "LA6683-2",
                                            "display": "germline"
                                        }
                                    ]
                                }
                            },
                            {
                                "code": {
                                    "coding": [
                                        {
                                            "system": "http://loinc.org",
                                            "code": "48013-7",
                                            "display": "Genomic reference sequence ID"
                                        }
                                    ]
                                },
                                "valueCodeableConcept": {
                                    "coding": [
                                        {
                                            "system": "http://www.ncbi.nlm.nih.gov/nuccore",
                                            "code": "NC_000001.10"
                                        }
                                    ]
                                }
                            },
                            {
                                "code": {
                                    "coding": [
                                        {
                                            "system": "http://loinc.org",
                                            "code": "53034-5",
                                            "display": "Allelic state"
                                        }
                                    ]
                                },
                                "valueCodeableConcept": {
                                    "coding": [
                                        {
                                            "system": "http://loinc.org",
                                            "code": "LA6705-3",
                                            "display": "homozygous"
                                        }
                                    ]
                                }
                            },
                            {
                                "code": {
                                    "coding": [
                                        {
                                            "system": "http://loinc.org",
                                            "code": "81252-9",
                                            "display": "Discrete genetic variant"
                                        }
                                    ]
                                },
                                "valueCodeableConcept": {
                                    "coding": [
                                        {
                                            "system": "https://api.ncbi.nlm.nih.gov/variation/v0/",
                                            "code": "NC_000001.10:69510:A:G",
                                            "display": "NC_000001.10:69510:A:G"
                                        }
                                    ]
                                }
                            },
                            {
                                "code": {
                                    "coding": [
                                        {
                                            "system": "http://loinc.org",
                                            "code": "69547-8",
                                            "display": "Genomic Ref allele [ID]"
                                        }
                                    ]
                                },
                                "valueString": "A"
                            },
                            {
                                "code": {
                                    "coding": [
                                        {
                                            "system": "http://loinc.org",
                                            "code": "69551-0",
                                            "display": "Genomic Alt allele [ID]"
                                        }
                                    ]
                                },
                                "valueString": "G"
                            },
                            {
                                "code": {
                                    "coding": [
                                        {
                                            "system": "http://loinc.org",
                                            "code": "92822-6",
                                            "display": "Genomic coord system"
                                        }
                                    ]
                                },
                                "valueCodeableConcept": {
                                    "coding": [
                                        {
                                            "system": "http://loinc.org",
                                            "code": "LA30100-4",
                                            "display": "0-based interval counting"
                                        }
                                    ]
                                }
                            },
                            {
                                "code": {
                                    "coding": [
                                        {
                                            "system": "http://loinc.org",
                                            "code": "81254-5",
                                            "display": "Variant exact start-end"
                                        }
                                    ]
                                },
                                "valueRange": {
                                    "low": {
                                        "value": 69510
                                    }
                                }
                            },
                            {
                                "code": {
                                    "coding": [
                                        {
                                            "system": "http://hl7.org/fhir/uv/genomics-reporting/CodeSystem/tbd-codes-cs",
                                            "code": "molecular-consequence"
                                        }
                                    ]
                                },
                                "valueCodeableConcept": {
                                    "coding": [
                                        {
                                            "system": "http://www.sequenceontology.org/",
                                            "code": "SO:0001583",
                                            "display": "missense_variant"
                                        }
                                    ]
                                },
                                "interpretation": {
                                    "text": "PREDICTED IMPACT MODERATE"
                                }
                            },
                            {
                                "code": {
                                    "coding": [
                                        {
                                            "system": "http://loinc.org",
                                            "code": "92821-8",
                                            "display": "Population allele frequency"
                                        }
                                    ]
                                },
                                "valueQuantity": {
                                    "value": 0.949691,
                                    "system": "http://unitsofmeasure.org",
                                    "code": "1"
                                }
                            }
                        ]
                    }
                }
            ]
        }
    ]
}