{
    "resourceType": "Parameters",
    "parameter": [
        {
            "name": "implications",
            "part": [
                {
                    "name": "implication",
                    "resource": {
                        "resourceType": "Observation",
                        "id": "dv-61ccfaf7072302a0eb1dae39",
                        "meta": {
                            "profile": [
                                "http://hl7.org/fhir/uv/genomics-reporting/StructureDefinition/diagnostic-implication"
                            ]
                        },
                        "status": "final",
                        "category": [
                            {
                                "coding": [
                                    {
                                        "system": "http://terminology.hl7.org/CodeSystem/observation-category",
                                        "code": "laboratory"
                                    }
                                ]
                            }
                        ],
                        "code": {
                            "coding": [
                                {
                                    "system": "http://hl7.org/fhir/uv/genomics-reporting/CodeSystem/tbd-codes-cs",
                                    "code": "diagnostic-implication"
                                }
                            ]
                        },
                        "subject": {
                            "reference": "Patient/HG02657"
                        },
                        "derivedFrom": [
                            {
                                "reference": "Observation/dv-621a0da34163f19eba08b043"
                            }
                        ],
                        "component": [
                            {
                                "code": {
                                    "coding": [
                                        {
                                            "system": "http://loinc.org",
                                            "code": "53037-8",
                                            "display": "Genetic variation clinical significance"
                                        }
                                    ]
                                },
                                "valueCodeableConcept": {
                                    "text": "Conflicting interpretations of pathogenicity, other"
                                }
                            },
                            {
                                "code": {
                                    "coding": [
                                        {
                                            "system": "http://loinc.org",
                                            "code": "81259-4",
                                            "display": "predicted phenotype"
                                        }
                                    ]
                                },
                                "valueCodeableConcept": {
                                    "coding": [
                                        {
                                            "system": "https://www.ncbi.nlm.nih.gov/medgen",
                                            "code": "C3469186",
                                            "display": "Hemochromatosis type 1"
                                        }
                                    ]
                                }
                            },
                            {
                                "code": {
                                    "coding": [
                                        {
                                            "system": "http://loinc.org",
                                            "code": "93044-6",
                                            "display": "Level of evidence"
                                        }
                                    ]
                                },
                                "valueCodeableConcept": {
                                    "text": "criteria provided, conflicting interpretations"
                                }
                            }
                        ]
                    }
                },
                {
                    "name": "variant",
                    "resource": {
                        "resourceType": "Observation",
                        "id": "dv-621a0da34163f19eba08b043",
                        "meta": {
                            "profile": [
                                "http://hl7.org/fhir/uv/genomics-reporting/StructureDefinition/variant"
                            ]
                        },
                        "status": "final",
                        "category": [
                            {
                                "coding": [
                                    {
                                        "system": "http://terminology.hl7.org/CodeSystem/observation-category",
                                        "code": "laboratory"
                                    }
                                ]
                            }
                        ],
                        "code": {
                            "coding": [
                                {
                                    "system": "http://loinc.org",
                                    "code": "69548-6",
                                    "display": "Genetic variant assessment"
                                }
                            ]
                        },
                        "subject": {
                            "reference": "Patient/HG02657"
                        },
                        "valueCodeableConcept": {
                            "coding": [
                                {
                                    "system": "http://loinc.org",
                                    "code": "LA9633-4",
                                    "display": "present"
                                }
                            ]
                        },
                        "component": [
                            {
                                "code": {
                                    "coding": [
                                        {
                                            "system": "http://loinc.org",
                                            "code": "48002-0",
                                            "display": "Genomic Source Class"
                                        }
                                    ]
                                },
                                "valueCodeableConcept": {
                                    "coding": [
                                        {
                                            "system": "http://loinc.org",
                                            "code": "LA6683-2",
                                            "display": "germline"
                                        }
                                    ]
                                }
                            },
                            {
                                "code": {
                                    "coding": [
                                        {
                                            "system": "http://loinc.org",
                                            "code": "48013-7",
                                            "display": "Genomic reference sequence ID"
                                        }
                                    ]
                                },
                                "valueCodeableConcept": {
                                    "coding": [
                                        {
                                            "system": "http://www.ncbi.nlm.nih.gov/nuccore",
                                            "code": "NC_000006.11"
                                        }
                                    ]
                                }
                            },
                            {
                                "code": {
                                    "coding": [
                                        {
                                            "system": "http://loinc.org",
                                            "code": "53034-5",
                                            "display": "Allelic state"
                                        }
                                    ]
                                },
                                "valueCodeableConcept": {
                                    "coding": [
                                        {
                                            "system": "http://loinc.org",
                                            "code": "LA6706-1",
                                            "display": "heterozygous"
                                        }
                                    ]
                                }
                            },
                            {
                                "code": {
                                    "coding": [
                                        {
                                            "system": "http://loinc.org",
                                            "code": "81252-9",
                                            "display": "Discrete genetic variant"
                                        }
                                    ]
                                },
                                "valueCodeableConcept": {
                                    "coding": [
                                        {
                                            "system": "https://api.ncbi.nlm.nih.gov/variation/v0/",
                                            "code": "NC_000006.11:26091178:C:G",
                                            "display": "NC_000006.11:26091178:C:G"
                                        },
                                        {
                                            "system": "http://www.ncbi.nlm.nih.gov/clinvar",
                                            "code": "10"
                                        }
                                    ]
                                }
                            },
                            {
                                "code": {
                                    "coding": [
                                        {
                                            "system": "http://loinc.org",
                                            "code": "81258-6",
                                            "display": "Sample VAF"
                                        }
                                    ]
                                },
                                "valueQuantity": {
                                    "value": 0.42857142857142855,
                                    "unit": "relative frequency of a particular allele in the specimen",
                                    "system": "http://unitsofmeasure.org",
                                    "code": "1"
                                }
                            },
                            {
                                "code": {
                                    "coding": [
                                        {
                                            "system": "http://loinc.org",
                                            "code": "69547-8",
                                            "display": "Genomic Ref allele [ID]"
                                        }
                                    ]
                                },
                                "valueString": "C"
                            },
                            {
                                "code": {
                                    "coding": [
                                        {
                                            "system": "http://loinc.org",
                                            "code": "69551-0",
                                            "display": "Genomic Alt allele [ID]"
                                        }
                                    ]
                                },
                                "valueString": "G"
                            },
                            {
                                "code": {
                                    "coding": [
                                        {
                                            "system": "http://loinc.org",
                                            "code": "92822-6",
                                            "display": "Genomic coord system"
                                        }
                                    ]
                                },
                                "valueCodeableConcept": {
                                    "coding": [
                                        {
                                            "system": "http://loinc.org",
                                            "code": "LA30100-4",
                                            "display": "0-based interval counting"
                                        }
                                    ]
                                }
                            },
                            {
                                "code": {
                                    "coding": [
                                        {
                                            "system": "http://loinc.org",
                                            "code": "81254-5",
                                            "display": "Variant exact start-end"
                                        }
                                    ]
                                },
                                "valueRange": {
                                    "low": {
                                        "value": 26091178
                                    }
                                }
                            }
                        ]
                    }
                }
            ]
        }
    ]
}