{
    "chromosome": "chrM",
    "chromosomeLink": "https://medlineplus.gov/genetics/chromosome/mitochondrial-dna/",
    "build37RefSeq": "NC_012920.1",
    "build38RefSeq": "NC_012920.1"
}