{
    "protein": "NP_000005.3",
    "proteinLink": "https://www.ncbi.nlm.nih.gov/protein/NP_000005.3/",
    "proteinName": "alpha-2-macroglobulin isoform a p",
    "transcript": "NM_000014.6"
}